// Jest Snapshot v1, https://goo.gl/fbAQLP

exports[`match-snapshot 1`] = `
"
import ReactDOM from 'react-native';"
`;

exports[`origin code 1`] = `
"
import ReactDOM from 'react-dom';
"
`;
